


ilya@ubuntu:~/ya_practicum/architecture-future_2_0/Task4$ docker run --rm -it  -v $(pwd):/workspace   -w /workspace   --name terraform_cli hashicorp/terraform:latest apply
data.yandex_compute_image.ubuntu: Reading...
data.yandex_compute_image.ubuntu: Read complete after 1s [id=fd8j1v2gspupk43encvq]

Terraform used the selected providers to generate the following execution plan. Resource actions are indicated with the following symbols:
  + create

Terraform will perform the following actions:

  # yandex_compute_instance.ai_services will be created
  + resource "yandex_compute_instance" "ai_services" {
      + created_at                = (known after apply)
      + folder_id                 = (known after apply)
      + fqdn                      = (known after apply)
      + gpu_cluster_id            = (known after apply)
      + hardware_generation       = (known after apply)
      + hostname                  = (known after apply)
      + id                        = (known after apply)
      + maintenance_grace_period  = (known after apply)
      + maintenance_policy        = (known after apply)
      + name                      = "ai-services"
      + network_acceleration_type = "standard"
      + platform_id               = "standard-v3"
      + status                    = (known after apply)
      + zone                      = "ru-central1-a"

      + boot_disk {
          + auto_delete = true
          + device_name = (known after apply)
          + disk_id     = (known after apply)
          + mode        = (known after apply)

          + initialize_params {
              + block_size  = (known after apply)
              + description = (known after apply)
              + image_id    = "fd8j1v2gspupk43encvq"
              + name        = (known after apply)
              + size        = 50
              + snapshot_id = (known after apply)
              + type        = "network-hdd"
            }
        }

      + metadata_options (known after apply)

      + network_interface {
          + index              = (known after apply)
          + ip_address         = (known after apply)
          + ipv4               = true
          + ipv6               = (known after apply)
          + ipv6_address       = (known after apply)
          + mac_address        = (known after apply)
          + nat                = false
          + nat_ip_address     = (known after apply)
          + nat_ip_version     = (known after apply)
          + security_group_ids = (known after apply)
          + subnet_id          = (known after apply)
        }

      + placement_policy (known after apply)

      + resources {
          + core_fraction = 100
          + cores         = 8
          + memory        = 16
        }

      + scheduling_policy {
          + preemptible = true
        }
    }

  # yandex_compute_instance.api_gateway will be created
  + resource "yandex_compute_instance" "api_gateway" {
      + created_at                = (known after apply)
      + folder_id                 = (known after apply)
      + fqdn                      = (known after apply)
      + gpu_cluster_id            = (known after apply)
      + hardware_generation       = (known after apply)
      + hostname                  = (known after apply)
      + id                        = (known after apply)
      + maintenance_grace_period  = (known after apply)
      + maintenance_policy        = (known after apply)
      + name                      = "api-gateway"
      + network_acceleration_type = "standard"
      + platform_id               = "standard-v3"
      + status                    = (known after apply)
      + zone                      = "ru-central1-a"

      + boot_disk {
          + auto_delete = true
          + device_name = (known after apply)
          + disk_id     = (known after apply)
          + mode        = (known after apply)

          + initialize_params {
              + block_size  = (known after apply)
              + description = (known after apply)
              + image_id    = "fd8j1v2gspupk43encvq"
              + name        = (known after apply)
              + size        = 20
              + snapshot_id = (known after apply)
              + type        = "network-hdd"
            }
        }

      + metadata_options (known after apply)

      + network_interface {
          + index              = (known after apply)
          + ip_address         = (known after apply)
          + ipv4               = true
          + ipv6               = (known after apply)
          + ipv6_address       = (known after apply)
          + mac_address        = (known after apply)
          + nat                = true
          + nat_ip_address     = (known after apply)
          + nat_ip_version     = (known after apply)
          + security_group_ids = (known after apply)
          + subnet_id          = (known after apply)
        }

      + placement_policy (known after apply)

      + resources {
          + core_fraction = 100
          + cores         = 2
          + memory        = 2
        }

      + scheduling_policy {
          + preemptible = true
        }
    }

  # yandex_compute_instance.db_rabbitmq will be created
  + resource "yandex_compute_instance" "db_rabbitmq" {
      + created_at                = (known after apply)
      + folder_id                 = (known after apply)
      + fqdn                      = (known after apply)
      + gpu_cluster_id            = (known after apply)
      + hardware_generation       = (known after apply)
      + hostname                  = (known after apply)
      + id                        = (known after apply)
      + maintenance_grace_period  = (known after apply)
      + maintenance_policy        = (known after apply)
      + name                      = "db-rabbitmq"
      + network_acceleration_type = "standard"
      + platform_id               = "standard-v3"
      + status                    = (known after apply)
      + zone                      = "ru-central1-a"

      + boot_disk {
          + auto_delete = true
          + device_name = (known after apply)
          + disk_id     = (known after apply)
          + mode        = (known after apply)

          + initialize_params {
              + block_size  = (known after apply)
              + description = (known after apply)
              + image_id    = "fd8j1v2gspupk43encvq"
              + name        = (known after apply)
              + size        = 100
              + snapshot_id = (known after apply)
              + type        = "network-hdd"
            }
        }

      + metadata_options (known after apply)

      + network_interface {
          + index              = (known after apply)
          + ip_address         = (known after apply)
          + ipv4               = true
          + ipv6               = (known after apply)
          + ipv6_address       = (known after apply)
          + mac_address        = (known after apply)
          + nat                = false
          + nat_ip_address     = (known after apply)
          + nat_ip_version     = (known after apply)
          + security_group_ids = (known after apply)
          + subnet_id          = (known after apply)
        }

      + placement_policy (known after apply)

      + resources {
          + core_fraction = 100
          + cores         = 4
          + memory        = 8
        }

      + scheduling_policy {
          + preemptible = false
        }
    }

  # yandex_compute_instance.dwh_services will be created
  + resource "yandex_compute_instance" "dwh_services" {
      + created_at                = (known after apply)
      + folder_id                 = (known after apply)
      + fqdn                      = (known after apply)
      + gpu_cluster_id            = (known after apply)
      + hardware_generation       = (known after apply)
      + hostname                  = (known after apply)
      + id                        = (known after apply)
      + maintenance_grace_period  = (known after apply)
      + maintenance_policy        = (known after apply)
      + name                      = "dwh-services"
      + network_acceleration_type = "standard"
      + platform_id               = "standard-v3"
      + status                    = (known after apply)
      + zone                      = "ru-central1-a"

      + boot_disk {
          + auto_delete = true
          + device_name = (known after apply)
          + disk_id     = (known after apply)
          + mode        = (known after apply)

          + initialize_params {
              + block_size  = (known after apply)
              + description = (known after apply)
              + image_id    = "fd8j1v2gspupk43encvq"
              + name        = (known after apply)
              + size        = 200
              + snapshot_id = (known after apply)
              + type        = "network-hdd"
            }
        }

      + metadata_options (known after apply)

      + network_interface {
          + index              = (known after apply)
          + ip_address         = (known after apply)
          + ipv4               = true
          + ipv6               = (known after apply)
          + ipv6_address       = (known after apply)
          + mac_address        = (known after apply)
          + nat                = false
          + nat_ip_address     = (known after apply)
          + nat_ip_version     = (known after apply)
          + security_group_ids = (known after apply)
          + subnet_id          = (known after apply)
        }

      + placement_policy (known after apply)

      + resources {
          + core_fraction = 100
          + cores         = 4
          + memory        = 8
        }

      + scheduling_policy {
          + preemptible = true
        }
    }

  # yandex_compute_instance.internal_services will be created
  + resource "yandex_compute_instance" "internal_services" {
      + created_at                = (known after apply)
      + folder_id                 = (known after apply)
      + fqdn                      = (known after apply)
      + gpu_cluster_id            = (known after apply)
      + hardware_generation       = (known after apply)
      + hostname                  = (known after apply)
      + id                        = (known after apply)
      + maintenance_grace_period  = (known after apply)
      + maintenance_policy        = (known after apply)
      + name                      = "internal-services"
      + network_acceleration_type = "standard"
      + platform_id               = "standard-v3"
      + status                    = (known after apply)
      + zone                      = "ru-central1-a"

      + boot_disk {
          + auto_delete = true
          + device_name = (known after apply)
          + disk_id     = (known after apply)
          + mode        = (known after apply)

          + initialize_params {
              + block_size  = (known after apply)
              + description = (known after apply)
              + image_id    = "fd8j1v2gspupk43encvq"
              + name        = (known after apply)
              + size        = 20
              + snapshot_id = (known after apply)
              + type        = "network-hdd"
            }
        }

      + metadata_options (known after apply)

      + network_interface {
          + index              = (known after apply)
          + ip_address         = (known after apply)
          + ipv4               = true
          + ipv6               = (known after apply)
          + ipv6_address       = (known after apply)
          + mac_address        = (known after apply)
          + nat                = false
          + nat_ip_address     = (known after apply)
          + nat_ip_version     = (known after apply)
          + security_group_ids = (known after apply)
          + subnet_id          = (known after apply)
        }

      + placement_policy (known after apply)

      + resources {
          + core_fraction = 100
          + cores         = 4
          + memory        = 8
        }

      + scheduling_policy {
          + preemptible = true
        }
    }

  # yandex_vpc_address.api_gateway_ip will be created
  + resource "yandex_vpc_address" "api_gateway_ip" {
      + created_at          = (known after apply)
      + deletion_protection = (known after apply)
      + folder_id           = (known after apply)
      + id                  = (known after apply)
      + labels              = (known after apply)
      + name                = "api-gateway-ip"
      + reserved            = (known after apply)
      + used                = (known after apply)

      + external_ipv4_address {
          + address                  = (known after apply)
          + ddos_protection_provider = (known after apply)
          + outgoing_smtp_capability = (known after apply)
          + zone_id                  = "ru-central1-a"
        }
    }

  # yandex_vpc_network.main will be created
  + resource "yandex_vpc_network" "main" {
      + created_at                = (known after apply)
      + default_security_group_id = (known after apply)
      + folder_id                 = (known after apply)
      + id                        = (known after apply)
      + labels                    = (known after apply)
      + name                      = "main-vpc"
      + subnet_ids                = (known after apply)
    }

  # yandex_vpc_security_group.api_gateway_sg will be created
  + resource "yandex_vpc_security_group" "api_gateway_sg" {
      + created_at = (known after apply)
      + folder_id  = (known after apply)
      + id         = (known after apply)
      + labels     = (known after apply)
      + name       = "api-gateway-security-group"
      + network_id = (known after apply)
      + status     = (known after apply)

      + egress {
          + description       = "Outbound to internet"
          + from_port         = -1
          + id                = (known after apply)
          + labels            = (known after apply)
          + port              = -1
          + protocol          = "ANY"
          + to_port           = -1
          + v4_cidr_blocks    = [
              + "0.0.0.0/0",
            ]
          + v6_cidr_blocks    = []
            # (2 unchanged attributes hidden)
        }
      + egress {
          + description       = "Outbound to private network"
          + from_port         = -1
          + id                = (known after apply)
          + labels            = (known after apply)
          + port              = -1
          + protocol          = "ANY"
          + to_port           = -1
          + v4_cidr_blocks    = [
              + "192.168.20.0/24",
            ]
          + v6_cidr_blocks    = []
            # (2 unchanged attributes hidden)
        }

      + ingress {
          + description       = "HTTP"
          + from_port         = -1
          + id                = (known after apply)
          + labels            = (known after apply)
          + port              = 80
          + protocol          = "TCP"
          + to_port           = -1
          + v4_cidr_blocks    = [
              + "0.0.0.0/0",
            ]
          + v6_cidr_blocks    = []
            # (2 unchanged attributes hidden)
        }
      + ingress {
          + description       = "HTTPS"
          + from_port         = -1
          + id                = (known after apply)
          + labels            = (known after apply)
          + port              = 443
          + protocol          = "TCP"
          + to_port           = -1
          + v4_cidr_blocks    = [
              + "0.0.0.0/0",
            ]
          + v6_cidr_blocks    = []
            # (2 unchanged attributes hidden)
        }
      + ingress {
          + description       = "SSH"
          + from_port         = -1
          + id                = (known after apply)
          + labels            = (known after apply)
          + port              = 22
          + protocol          = "TCP"
          + to_port           = -1
          + v4_cidr_blocks    = [
              + "0.0.0.0/0",
            ]
          + v6_cidr_blocks    = []
            # (2 unchanged attributes hidden)
        }
    }

  # yandex_vpc_security_group.internal_sg will be created
  + resource "yandex_vpc_security_group" "internal_sg" {
      + created_at = (known after apply)
      + folder_id  = (known after apply)
      + id         = (known after apply)
      + labels     = (known after apply)
      + name       = "internal-security-group"
      + network_id = (known after apply)
      + status     = (known after apply)

      + egress {
          + description       = "Outbound"
          + from_port         = -1
          + id                = (known after apply)
          + labels            = (known after apply)
          + port              = -1
          + protocol          = "ANY"
          + to_port           = -1
          + v4_cidr_blocks    = [
              + "0.0.0.0/0",
            ]
          + v6_cidr_blocks    = []
            # (2 unchanged attributes hidden)
        }

      + ingress {
          + description       = "Internal traffic"
          + from_port         = -1
          + id                = (known after apply)
          + labels            = (known after apply)
          + port              = -1
          + protocol          = "ANY"
          + to_port           = -1
          + v4_cidr_blocks    = [
              + "192.168.10.0/24",
              + "192.168.20.0/24",
            ]
          + v6_cidr_blocks    = []
            # (2 unchanged attributes hidden)
        }
      + ingress {
          + description       = "SSH"
          + from_port         = -1
          + id                = (known after apply)
          + labels            = (known after apply)
          + port              = 22
          + protocol          = "TCP"
          + to_port           = -1
          + v4_cidr_blocks    = [
              + "192.168.10.0/24",
            ]
          + v6_cidr_blocks    = []
            # (2 unchanged attributes hidden)
        }
    }

  # yandex_vpc_subnet.private will be created
  + resource "yandex_vpc_subnet" "private" {
      + created_at     = (known after apply)
      + folder_id      = (known after apply)
      + id             = (known after apply)
      + labels         = (known after apply)
      + name           = "private-subnet"
      + network_id     = (known after apply)
      + v4_cidr_blocks = [
          + "192.168.20.0/24",
        ]
      + v6_cidr_blocks = (known after apply)
      + zone           = "ru-central1-a"
    }

  # yandex_vpc_subnet.public will be created
  + resource "yandex_vpc_subnet" "public" {
      + created_at     = (known after apply)
      + folder_id      = (known after apply)
      + id             = (known after apply)
      + labels         = (known after apply)
      + name           = "public-subnet"
      + network_id     = (known after apply)
      + v4_cidr_blocks = [
          + "192.168.10.0/24",
        ]
      + v6_cidr_blocks = (known after apply)
      + zone           = "ru-central1-a"
    }

Plan: 11 to add, 0 to change, 0 to destroy.

Changes to Outputs:
  + ai_services_ip         = (known after apply)
  + api_gateway_private_ip = (known after apply)
  + api_gateway_public_ip  = (known after apply)
  + db_rabbitmq_ip         = (known after apply)
  + dwh_services_ip        = (known after apply)
  + internal_services_ip   = (known after apply)
  + private_subnet_id      = (known after apply)
  + public_subnet_id       = (known after apply)
  + ssh_connection_command = (known after apply)
  + vpc_network_id         = (known after apply)

Do you want to perform these actions?
  Terraform will perform the actions described above.
  Only 'yes' will be accepted to approve.

  Enter a value: yes

yandex_vpc_network.main: Creating...
yandex_vpc_address.api_gateway_ip: Creating...
...